\BOOKMARK [1][-]{section.1}{}{}% 1
\BOOKMARK [1][-]{section.2}{}{}% 2
\BOOKMARK [1][-]{section.3}{}{}% 3
\BOOKMARK [1][-]{section.4}{}{}% 4
\BOOKMARK [1][-]{section.5}{}{}% 5
\BOOKMARK [1][-]{section.6}{}{}% 6
\BOOKMARK [1][-]{section.7}{\376\377\176\337\213\241\160\355\122\233\133\146\127\372\170\100}{}% 7
\BOOKMARK [2][-]{subsection.7.1}{\376\377\151\202\213\272\000\040\0002\0000\0002\0006\0000\0004\0002\0002}{section.7}% 8
\BOOKMARK [3][-]{subsubsection.7.1.1}{\376\377\176\337\213\241\160\355\122\233\133\146\166\204\170\024\172\166\145\271\154\325\124\214\166\356\166\204}{subsection.7.1}% 9
\BOOKMARK [3][-]{subsubsection.7.1.2}{\376\377\176\337\213\241\174\373\176\337\166\204\122\006\174\173}{subsection.7.1}% 10
\BOOKMARK [3][-]{subsubsection.7.1.3}{\376\377\176\337\213\241\160\355\122\233\133\146\166\204\127\372\147\054\120\107\133\232}{subsection.7.1}% 11
\BOOKMARK [2][-]{subsection.7.2}{\376\377\000B\000o\000l\000t\000z\000m\000a\000n\000n\000\040\176\337\213\241\000\040\0002\0000\0002\0006\0000\0004\0002\0002}{section.7}% 12
\BOOKMARK [3][-]{subsubsection.7.2.1}{\376\377\133\232\117\115\174\373\176\337\166\204\147\000\151\202\161\066\122\006\136\003}{subsection.7.2}% 13
\BOOKMARK [3][-]{subsubsection.7.2.2}{\376\377\000a\000l\000p\000h\000a\000,\000\040\000b\000e\000t\000a\120\074\166\204\143\250\133\374}{subsection.7.2}% 14
\BOOKMARK [3][-]{subsubsection.7.2.3}{\376\377\000B\000o\000l\000t\000z\000m\000a\000n\000n\000\040\121\154\137\017\166\204\213\250\213\272\040\024\040\024\227\136\133\232\117\115\174\373\176\337\166\204\147\000\151\202\161\066\122\006\136\003}{subsection.7.2}% 15
\BOOKMARK [3][-]{subsubsection.7.2.4}{\376\377\000B\000o\000l\000t\000z\000m\000a\000n\000n\000\040\121\154\137\017\166\204\121\166\116\326\137\142\137\017}{subsection.7.2}% 16
\BOOKMARK [3][-]{subsubsection.7.2.5}{\376\377\144\267\123\326\147\000\131\047\230\171\154\325\123\312\121\166\123\237\164\006}{subsection.7.2}% 17
\BOOKMARK [2][-]{subsection.7.3}{\376\377\000B\000o\000s\000e\000-\000E\000i\000n\000s\000t\000e\000i\000n\000\040\176\337\213\241\124\214\000\040\000F\000e\000r\000m\000i\000-\000D\000i\000r\000a\000c\000\040\176\337\213\241}{section.7}% 18
\BOOKMARK [2][-]{subsection.7.4}{\376\377\221\115\122\006\121\375\145\160\000\040\0002\0000\0002\0006\0000\0004\0002\0007}{section.7}% 19
\BOOKMARK [3][-]{subsubsection.7.4.1}{\376\377\221\115\122\006\121\375\145\160\166\204\133\232\116\111}{subsection.7.4}% 20
\BOOKMARK [3][-]{subsubsection.7.4.2}{\376\377\221\115\122\006\121\375\145\160\116\016\160\355\122\233\133\146\121\375\145\160\166\204\121\163\174\373}{subsection.7.4}% 21
\BOOKMARK [3][-]{subsubsection.7.4.3}{\376\377\221\115\122\006\121\375\145\160\166\204\122\006\171\273}{subsection.7.4}% 22
\BOOKMARK [2][-]{subsection.7.5}{\376\377\124\004\221\115\122\006\121\375\145\160\166\204\154\102\154\325\123\312\121\166\133\371\160\355\122\233\133\146\121\375\145\160\166\204\215\041\163\056\000\040\0002\0000\0002\0006\0000\0004\0002\0007\000\040\0002\0000\0002\0006\0000\0004\0002\0009}{section.7}% 23
\BOOKMARK [3][-]{subsubsection.7.5.1}{\376\377\123\237\133\120\150\070\221\115\122\006\121\375\145\160}{subsection.7.5}% 24
\BOOKMARK [3][-]{subsubsection.7.5.2}{\376\377\165\065\133\120\221\115\122\006\121\375\145\160}{subsection.7.5}% 25
\BOOKMARK [3][-]{subsubsection.7.5.3}{\376\377\136\163\122\250\221\115\122\006\121\375\145\160}{subsection.7.5}% 26
\BOOKMARK [3][-]{subsubsection.7.5.4}{\376\377\123\125\123\237\133\120\164\006\140\363\154\024\117\123\166\204\160\355\122\233\133\146\121\375\145\160}{subsection.7.5}% 27
\BOOKMARK [3][-]{subsubsection.7.5.5}{\376\377\217\154\122\250\221\115\122\006\121\375\145\160}{subsection.7.5}% 28
\BOOKMARK [3][-]{subsubsection.7.5.6}{\376\377\143\057\122\250\221\115\122\006\121\375\145\160}{subsection.7.5}% 29
\BOOKMARK [2][-]{subsection.7.6}{\376\377\146\166\117\123\166\204\160\355\133\271\225\356\230\230}{section.7}% 30
\BOOKMARK [2][-]{subsection.7.7}{\376\377\122\006\133\120\166\204\121\150\221\115\122\006\121\375\145\160\000\040\0002\0000\0002\0006\0000\0004\0002\0009}{section.7}% 31
\BOOKMARK [2][-]{subsection.7.8}{\376\377\165\050\221\115\122\006\121\375\145\160\213\241\173\227\000\040\000d\000e\000l\000t\000a\000\040\000G\000\040\124\214\123\315\136\224\166\204\136\163\210\141\136\070\145\160\000\040\0002\0000\0002\0006\0000\0005\0000\0006}{section.7}% 32
\BOOKMARK [3][-]{subsubsection.7.8.1}{\376\377\123\026\133\146\136\163\210\141\174\373\176\337\166\204\121\154\121\161\200\375\221\317\150\007\136\246}{subsection.7.8}% 33
\BOOKMARK [3][-]{subsubsection.7.8.2}{\376\377\116\316\201\352\165\061\200\375\121\375\145\160\213\241\173\227\136\163\210\141\136\070\145\160}{subsection.7.8}% 34
\BOOKMARK [3][-]{subsubsection.7.8.3}{\376\377\160\355\121\375\121\375\145\160}{subsection.7.8}% 35
\BOOKMARK [1][-]{section.8}{\376\377\165\065\211\343\215\050\156\266\155\262}{}% 36
\BOOKMARK [2][-]{subsection.8.1}{\376\377\165\065\123\026\133\146\116\055\166\204\127\372\147\054\151\202\137\365\124\214\165\065\211\343\133\232\137\213\000\040\0002\0000\0002\0006\0000\0003\0000\0002\000\040\0002\0000\0002\0006\0000\0003\0000\0004}{section.8}% 37
\BOOKMARK [3][-]{subsubsection.8.1.1}{\376\377\123\237\165\065\154\140\124\214\165\065\211\343\154\140}{subsection.8.1}% 38
\BOOKMARK [3][-]{subsubsection.8.1.2}{\376\377\000F\000a\000r\000a\000d\000a\000y\000\040\165\065\211\343\133\232\137\213}{subsection.8.1}% 39
\BOOKMARK [2][-]{subsection.8.2}{\376\377\171\273\133\120\166\204\165\065\217\301\171\373\163\207\124\214\217\301\171\373\145\160\000\040\0002\0000\0002\0006\0000\0003\0000\0004}{section.8}% 40
\BOOKMARK [3][-]{subsubsection.8.2.1}{\376\377\171\273\133\120\166\204\165\065\217\301\171\373\163\260\214\141}{subsection.8.2}% 41
\BOOKMARK [3][-]{subsubsection.8.2.2}{\376\377\171\273\133\120\166\204\165\065\217\301\171\373\163\207\124\214\217\301\171\373\145\160}{subsection.8.2}% 42
\BOOKMARK [3][-]{subsubsection.8.2.3}{\376\377\171\273\133\120\217\301\171\373\145\160\166\204\155\113\133\232}{subsection.8.2}% 43
\BOOKMARK [2][-]{subsection.8.3}{\376\377\165\065\211\343\215\050\156\266\155\262\166\204\165\065\133\374\000\040\0002\0000\0002\0006\0000\0003\0000\0009\000\040\0002\0000\0002\0006\0000\0003\0001\0001}{section.8}% 44
\BOOKMARK [3][-]{subsubsection.8.3.1}{\376\377\165\065\133\374\060\001\165\065\133\374\163\207\060\001\144\151\134\024\165\065\133\374\163\207}{subsection.8.3}% 45
\BOOKMARK [3][-]{subsubsection.8.3.2}{\376\377\165\065\133\374\166\204\155\113\133\232}{subsection.8.3}% 46
\BOOKMARK [3][-]{subsubsection.8.3.3}{\376\377\165\065\133\374\163\207\060\001\144\151\134\024\165\065\133\374\163\207\116\016\155\123\136\246\166\204\121\163\174\373}{subsection.8.3}% 47
\BOOKMARK [3][-]{subsubsection.8.3.4}{\376\377\171\273\133\120\162\354\172\313\171\373\122\250\133\232\137\213\124\214\171\273\133\120\166\204\144\151\134\024\165\065\133\374\163\207}{subsection.8.3}% 48
\BOOKMARK [3][-]{subsubsection.8.3.5}{\376\377\165\065\133\374\155\113\133\232\166\204\116\000\116\233\136\224\165\050}{subsection.8.3}% 49
\BOOKMARK [2][-]{subsection.8.4}{\376\377\165\065\211\343\215\050\166\204\136\163\127\107\155\073\136\246\124\214\136\163\127\107\155\073\136\246\126\340\133\120\000\040\0002\0000\0002\0006\0000\0003\0001\0001}{section.8}% 50
\BOOKMARK [3][-]{subsubsection.8.4.1}{\376\377\165\065\211\343\215\050\166\204\136\163\127\107\155\073\136\246\124\214\136\163\127\107\155\073\136\246\126\340\133\120}{subsection.8.4}% 51
\BOOKMARK [3][-]{subsubsection.8.4.2}{\376\377\171\273\133\120\137\072\136\246}{subsection.8.4}% 52
\BOOKMARK [2][-]{subsection.8.5}{\376\377\137\072\165\065\211\343\215\050\156\266\155\262\164\006\213\272\173\200\116\313\000\040\0002\0000\0002\0006\0000\0003\0001\0001}{section.8}% 53
\BOOKMARK [3][-]{subsubsection.8.5.1}{\376\377\000D\000e\000b\000y\000e\000-\000H\000\374\000c\000k\000e\000l\000\040\171\273\133\120\116\222\124\070\164\006\213\272}{subsection.8.5}% 54
\BOOKMARK [3][-]{subsubsection.8.5.2}{\376\377\000D\000e\000b\000y\000e\000-\000H\000\374\000c\000k\000e\000l\000-\000O\000n\000s\000a\000g\000e\000r\000\040\165\065\133\374\164\006\213\272}{subsection.8.5}% 55
\BOOKMARK [1][-]{section.9}{\376\377\123\357\220\006\165\065\154\140\166\204\165\065\122\250\122\277\123\312\121\166\136\224\165\050}{}% 56
\BOOKMARK [2][-]{subsection.9.1}{\376\377\123\357\220\006\165\065\154\140\124\214\123\357\220\006\165\065\147\201\000\040\0002\0000\0002\0006\0000\0003\0001\0006}{section.9}% 57
\BOOKMARK [3][-]{subsubsection.9.1.1}{\376\377\123\357\220\006\165\065\154\140}{subsection.9.1}% 58
\BOOKMARK [3][-]{subsubsection.9.1.2}{\376\377\123\357\220\006\165\065\147\201\124\214\165\065\147\201\123\315\136\224}{subsection.9.1}% 59
\BOOKMARK [2][-]{subsection.9.2}{\376\377\165\065\122\250\122\277\166\204\155\113\133\232\000\040\0002\0000\0002\0006\0000\0003\0001\0008}{section.9}% 60
\BOOKMARK [3][-]{subsubsection.9.2.1}{\376\377\133\371\155\210\154\325\155\113\165\065\122\250\122\277}{subsection.9.2}% 61
\BOOKMARK [3][-]{subsubsection.9.2.2}{\376\377\150\007\121\306\165\065\154\140}{subsection.9.2}% 62
\BOOKMARK [2][-]{subsection.9.3}{\376\377\123\357\220\006\165\065\154\140\166\204\116\146\121\231\145\271\154\325\123\312\165\065\122\250\122\277\166\204\123\326\123\367\000\040\0002\0000\0002\0006\0000\0003\0001\0006\000\040\0002\0000\0002\0006\0000\0003\0001\0008}{section.9}% 63
\BOOKMARK [3][-]{subsubsection.9.3.1}{\376\377\123\357\220\006\165\065\154\140\166\204\116\146\121\231\145\271\154\325}{subsection.9.3}% 64
\BOOKMARK [3][-]{subsubsection.9.3.2}{\376\377\116\316\123\026\133\146\123\315\136\224\213\276\213\241\165\065\154\140}{subsection.9.3}% 65
\BOOKMARK [3][-]{subsubsection.9.3.3}{\376\377\123\357\220\006\165\065\154\140\165\065\122\250\122\277\166\204\123\326\123\367}{subsection.9.3}% 66
\BOOKMARK [2][-]{subsection.9.4}{\376\377\123\357\220\006\165\065\154\140\166\204\160\355\122\233\133\146\000\040\0002\0000\0002\0006\0000\0003\0001\0008}{section.9}% 67
\BOOKMARK [3][-]{subsubsection.9.4.1}{\376\377\000N\000e\000r\000n\000s\000t\000\040\145\271\172\013}{subsection.9.4}% 68
\BOOKMARK [3][-]{subsubsection.9.4.2}{\376\377\165\061\150\007\121\306\165\065\122\250\122\277\000\040\000E\000\040\154\102\165\065\154\140\123\315\136\224\166\204\136\163\210\141\136\070\145\160}{subsection.9.4}% 69
\BOOKMARK [3][-]{subsubsection.9.4.3}{\376\377\165\061\165\065\122\250\122\277\000\040\000E\000\040\123\312\121\166\156\051\136\246\174\373\145\160\154\102\123\315\136\224\166\204\000\040\003\224\000r\000\040\000H\000m\000\040\124\214\000\040\003\224\000r\000\040\000S\000m}{subsection.9.4}% 70
\BOOKMARK [2][-]{subsection.9.5}{\376\377\165\065\122\250\122\277\116\247\165\037\166\204\147\072\164\006\000\040\0002\0000\0002\0006\0000\0003\0001\0008}{section.9}% 71
\BOOKMARK [3][-]{subsubsection.9.5.1}{\376\377\165\065\147\201\116\016\165\065\211\343\215\050\156\266\155\262\165\114\227\142\225\364\165\065\122\277\135\356\166\204\137\142\142\020}{subsection.9.5}% 72
\BOOKMARK [3][-]{subsubsection.9.5.2}{\376\377\143\245\211\346\165\065\122\277}{subsection.9.5}% 73
\BOOKMARK [3][-]{subsubsection.9.5.3}{\376\377\155\262\117\123\143\245\165\114\165\065\122\277}{subsection.9.5}% 74
\BOOKMARK [3][-]{subsubsection.9.5.4}{\376\377\155\262\117\123\143\245\165\114\165\065\122\277\166\204\213\241\173\227\121\154\137\017}{subsection.9.5}% 75
\BOOKMARK [3][-]{subsubsection.9.5.5}{\376\377\165\065\154\140\165\065\122\250\122\277\166\204\116\247\165\037}{subsection.9.5}% 76
\BOOKMARK [3][-]{subsubsection.9.5.6}{\376\377\165\065\122\250\122\277\120\074\116\072\116\300\116\110\123\357\116\345\155\113\221\317\377\037}{subsection.9.5}% 77
\BOOKMARK [3][-]{subsubsection.9.5.7}{\376\377\153\143\170\156\145\255\215\357}{subsection.9.5}% 78
\BOOKMARK [2][-]{subsection.9.6}{\376\377\165\065\147\201\165\065\122\277\124\214\165\065\154\140\166\204\165\065\122\250\122\277\000\040\0002\0000\0002\0006\0000\0003\0002\0003}{section.9}% 79
\BOOKMARK [3][-]{subsubsection.9.6.1}{\376\377\150\007\121\306\165\065\147\201\165\065\122\277\040\024\040\024\150\007\121\306\154\042\165\065\147\201}{subsection.9.6}% 80
\BOOKMARK [3][-]{subsubsection.9.6.2}{\376\377\165\065\154\140\165\065\122\250\122\277\166\204\213\241\173\227}{subsection.9.6}% 81
\BOOKMARK [2][-]{subsection.9.7}{\376\377\165\065\122\250\122\277\155\113\133\232\166\204\136\224\165\050\000\040\0002\0000\0002\0006\0000\0003\0002\0003}{section.9}% 82
\BOOKMARK [3][-]{subsubsection.9.7.1}{\376\377\154\102\165\065\211\343\215\050\156\266\155\262\166\204\136\163\127\107\155\073\136\246\126\340\133\120}{subsection.9.7}% 83
\BOOKMARK [3][-]{subsubsection.9.7.2}{\376\377\154\102\226\276\156\266\166\320\166\204\155\073\136\246\171\357}{subsection.9.7}% 84
\BOOKMARK [3][-]{subsubsection.9.7.3}{\376\377\000p\000H\000\040\166\204\155\113\133\232}{subsection.9.7}% 85
\BOOKMARK [3][-]{subsubsection.9.7.4}{\376\377\165\065\122\277\000\040\040\023\000\040\000p\000H\000\040\126\376\123\312\121\166\136\224\165\050}{subsection.9.7}% 86
\BOOKMARK [1][-]{section.10}{\376\377\165\065\211\343\116\016\147\201\123\026\117\134\165\050}{}% 87
\BOOKMARK [2][-]{subsection.10.1}{\376\377\122\006\211\343\165\065\123\213\000\040\0002\0000\0002\0006\0000\0003\0003\0000}{section.10}% 88
\BOOKMARK [2][-]{subsection.10.2}{\376\377\147\201\123\026\117\134\165\050\000\040\0002\0000\0002\0006\0000\0003\0003\0000\000\040\0002\0000\0002\0006\0000\0004\0000\0001}{section.10}% 89
\BOOKMARK [3][-]{subsubsection.10.2.1}{\376\377\155\123\135\356\147\201\123\026}{subsection.10.2}% 90
\BOOKMARK [3][-]{subsubsection.10.2.2}{\376\377\165\065\123\026\133\146\147\201\123\026}{subsection.10.2}% 91
\BOOKMARK [3][-]{subsubsection.10.2.3}{\376\377\147\201\123\026\146\362\176\277\000\040\040\024\040\024\000\040\215\205\165\065\122\277\166\204\155\113\133\232}{subsection.10.2}% 92
\BOOKMARK [3][-]{subsubsection.10.2.4}{\376\377\154\042\215\205\165\065\122\277}{subsection.10.2}% 93
\BOOKMARK [2][-]{subsection.10.3}{\376\377\165\065\211\343\145\366\165\065\147\201\116\012\166\204\172\336\116\211\123\315\136\224\000\040\0002\0000\0002\0006\0000\0004\0000\0001}{section.10}% 94
\BOOKMARK [3][-]{subsubsection.10.3.1}{\376\377\221\321\134\136\166\204\147\220\121\372\116\016\154\042\166\204\215\205\165\065\122\277}{subsection.10.3}% 95
\BOOKMARK [3][-]{subsubsection.10.3.2}{\376\377\221\321\134\136\171\273\133\120\166\204\122\006\171\273}{subsection.10.3}% 96
\BOOKMARK [2][-]{subsection.10.4}{\376\377\221\321\134\136\166\204\165\065\123\026\133\146\201\120\206\200\060\001\226\062\201\120\116\016\221\321\134\136\166\204\224\235\123\026\000\040\0002\0000\0002\0006\0000\0004\0000\0008}{section.10}% 97
\BOOKMARK [3][-]{subsubsection.10.4.1}{\376\377\221\321\134\136\166\204\165\065\123\026\133\146\201\120\206\200}{subsection.10.4}% 98
\BOOKMARK [3][-]{subsubsection.10.4.2}{\376\377\221\321\134\136\166\204\226\062\201\120}{subsection.10.4}% 99
\BOOKMARK [3][-]{subsubsection.10.4.3}{\376\377\221\321\134\136\166\204\224\235\123\026}{subsection.10.4}% 100
\BOOKMARK [2][-]{subsection.10.5}{\376\377\123\026\133\146\165\065\156\220\000\040\0002\0000\0002\0006\0000\0004\0000\0008}{section.10}% 101
\BOOKMARK [1][-]{section.11}{\376\377\123\026\133\146\122\250\122\233\133\146\127\372\170\100\377\010\116\000\377\011}{}% 102
\BOOKMARK [2][-]{subsection.11.1}{\376\377\123\026\133\146\122\250\122\233\133\146\166\204\116\373\122\241\124\214\166\356\166\204\000\040\0002\0000\0002\0006\0000\0005\0000\0006}{section.11}% 103
\BOOKMARK [2][-]{subsection.11.2}{\376\377\123\026\133\146\123\315\136\224\220\037\163\207\166\204\210\150\171\072\154\325\000\040\0002\0000\0002\0006\0000\0005\0000\0006}{section.11}% 104
\BOOKMARK [2][-]{subsection.11.3}{\376\377\123\026\133\146\123\315\136\224\166\204\220\037\163\207\145\271\172\013\000\040\0002\0000\0002\0006\0000\0005\0000\0006\000\040\0002\0000\0002\0006\0000\0005\0001\0001}{section.11}% 105
\BOOKMARK [3][-]{subsubsection.11.3.1}{\376\377\127\372\121\103\123\315\136\224\124\214\227\136\127\372\121\103\123\315\136\224}{subsection.11.3}% 106
\BOOKMARK [3][-]{subsubsection.11.3.2}{\376\377\123\315\136\224\166\204\176\247\145\160\060\001\123\315\136\224\122\006\133\120\145\160\124\214\123\315\136\224\166\204\220\037\163\207\136\070\145\160}{subsection.11.3}% 107
\BOOKMARK [2][-]{subsection.11.4}{\376\377\121\167\147\011\173\200\123\125\176\247\145\160\166\204\123\315\136\224\000\040\0002\0000\0002\0006\0000\0005\0001\0001\000\040\0002\0000\0002\0006\0000\0005\0001\0003}{section.11}% 108
\BOOKMARK [3][-]{subsubsection.11.4.1}{\376\377\116\000\176\247\123\315\136\224}{subsection.11.4}% 109
\BOOKMARK [3][-]{subsubsection.11.4.2}{\376\377\116\214\176\247\123\315\136\224}{subsection.11.4}% 110
\BOOKMARK [3][-]{subsubsection.11.4.3}{\376\377\116\011\176\247\123\315\136\224}{subsection.11.4}% 111
\BOOKMARK [3][-]{subsubsection.11.4.4}{\376\377\226\366\176\247\123\315\136\224\124\214\121\306\176\247\123\315\136\224}{subsection.11.4}% 112
\BOOKMARK [3][-]{subsubsection.11.4.5}{\376\377\123\315\136\224\142\200\147\057\166\204\155\113\133\232\154\325}{subsection.11.4}% 113
\BOOKMARK [2][-]{subsection.11.5}{\376\377\121\340\171\315\121\170\127\213\166\204\131\015\147\102\123\315\136\224\000\040\0002\0000\0002\0006\0000\0005\0001\0003\000\040\0002\0000\0002\0005\0000\0005\0001\0008}{section.11}% 114
\BOOKMARK [3][-]{subsubsection.11.5.1}{\376\377\133\371\134\331\123\315\136\224}{subsection.11.5}% 115
\BOOKMARK [3][-]{subsubsection.11.5.2}{\376\377\136\163\210\114\123\315\136\224}{subsection.11.5}% 116
\BOOKMARK [3][-]{subsubsection.11.5.3}{\376\377\217\336\176\355\123\315\136\224}{subsection.11.5}% 117
\BOOKMARK [2][-]{subsection.11.6}{\376\377\127\372\121\103\123\315\136\224\166\204\137\256\211\302\123\357\220\006\140\047\123\237\164\006}{section.11}% 118
\BOOKMARK [2][-]{subsection.11.7}{\376\377\156\051\136\246\133\371\123\315\136\224\220\037\163\207\166\204\137\161\124\315\000\040\0002\0000\0002\0006\0000\0005\0001\0008}{section.11}% 119
\BOOKMARK [3][-]{subsubsection.11.7.1}{\376\377\220\037\163\207\136\070\145\160\116\016\156\051\136\246\166\204\121\163\174\373\000\040\040\024\040\024\000\040\000A\000r\000r\000h\000e\000n\000i\000u\000s\000\040\176\317\232\214\137\017}{subsection.11.7}% 120
\BOOKMARK [3][-]{subsubsection.11.7.2}{\376\377\123\315\136\224\220\037\163\207\116\016\156\051\136\246\121\163\174\373\166\204\121\340\171\315\174\173\127\213}{subsection.11.7}% 121
\BOOKMARK [2][-]{subsection.11.8}{\376\377\121\163\116\216\155\073\123\026\200\375}{section.11}% 122
\BOOKMARK [2][-]{subsection.11.9}{\376\377\224\376\123\315\136\224\000\040\0002\0000\0002\0006\0000\0005\0001\0008}{section.11}% 123
\BOOKMARK [3][-]{subsubsection.11.9.1}{\376\377\166\364\224\376\123\315\136\224\377\010\000C\000l\0002\000\040\123\315\136\224\166\204\123\206\172\013\000\051\000\040\040\024\040\024\000\040\172\063\140\001\217\321\117\074\154\325}{subsection.11.9}% 124
\BOOKMARK [3][-]{subsubsection.11.9.2}{\376\377\145\057\224\376\123\315\136\224}{subsection.11.9}% 125
\BOOKMARK [1][-]{section.12}{\376\377\123\026\133\146\122\250\122\233\133\146\127\372\170\100\377\010\116\214\377\011}{}% 126
\BOOKMARK [2][-]{subsection.12.1}{\376\377\170\260\144\236\164\006\213\272\000\040\0002\0000\0002\0006\0000\0005\0001\0008\000\040\0002\0000\0002\0006\0000\0005\0002\0000}{section.12}% 127
\BOOKMARK [3][-]{subsubsection.12.1.1}{\376\377\123\314\122\006\133\120\166\204\116\222\170\260\230\221\163\207\131\175\220\037\163\207\136\070\145\160\166\204\143\250\133\374}{subsection.12.1}% 128
\BOOKMARK [3][-]{subsubsection.12.1.2}{\376\377\151\202\163\207\126\340\133\120}{subsection.12.1}% 129
\BOOKMARK [2][-]{subsection.12.2}{\376\377\217\307\156\041\140\001\164\006\213\272\000\040\0002\0000\0002\0006\0000\0005\0002\0000}{section.12}% 130
\BOOKMARK [3][-]{subsubsection.12.2.1}{\376\377\122\277\200\375\227\142}{subsection.12.2}% 131
\BOOKMARK [3][-]{subsubsection.12.2.2}{\376\377\165\061\217\307\156\041\140\001\164\006\213\272\213\241\173\227\123\315\136\224\220\037\163\207\136\070\145\160}{subsection.12.2}% 132
\BOOKMARK [2][-]{subsection.12.3}{\376\377\123\125\122\006\133\120\123\315\136\224\164\006\213\272\000\040\0002\0000\0002\0006\0000\0005\0002\0000}{section.12}% 133
\BOOKMARK [2][-]{subsection.12.4}{\376\377\122\006\133\120\123\315\136\224\122\250\140\001\133\146\173\200\116\313}{section.12}% 134
\BOOKMARK [2][-]{subsection.12.5}{\376\377\127\050\156\266\155\262\116\055\217\333\210\114\166\204\123\315\136\224\000\040\0002\0000\0002\0006\0000\0005\0002\0005}{section.12}% 135
\BOOKMARK [3][-]{subsubsection.12.5.1}{\376\377\156\266\122\102\133\371\123\315\136\224\220\037\163\207\166\204\137\161\124\315\040\024\040\024\173\074\145\110\136\224}{subsection.12.5}% 136
\BOOKMARK [3][-]{subsubsection.12.5.2}{\376\377\123\237\166\320\145\110\136\224}{subsection.12.5}% 137
\BOOKMARK [3][-]{subsubsection.12.5.3}{\376\377\165\061\142\151\145\143\143\247\122\066\166\204\123\315\136\224}{subsection.12.5}% 138
\BOOKMARK [2][-]{subsection.12.6}{\376\377\137\353\220\037\123\315\136\224\166\204\121\340\171\315\155\113\213\325\142\113\153\265}{section.12}% 139
\BOOKMARK [2][-]{subsection.12.7}{\376\377\121\111\123\026\133\146\123\315\136\224\000\040\0002\0000\0002\0006\0000\0005\0002\0005\000\040\0002\0000\0002\0006\0000\0005\0002\0007}{section.12}% 140
\BOOKMARK [3][-]{subsubsection.12.7.1}{\376\377\121\111\123\026\133\146\123\315\136\224\116\016\160\355\123\026\133\146\123\315\136\224\166\204\123\072\122\053}{subsection.12.7}% 141
\BOOKMARK [3][-]{subsubsection.12.7.2}{\376\377\121\111\123\026\133\146\123\315\136\224\166\204\122\035\176\247\217\307\172\013\124\214\153\041\176\247\217\307\172\013}{subsection.12.7}% 142
\BOOKMARK [3][-]{subsubsection.12.7.3}{\376\377\121\111\123\026\133\146\127\372\147\054\133\232\137\213}{subsection.12.7}% 143
\BOOKMARK [3][-]{subsubsection.12.7.4}{\376\377\221\317\133\120\116\247\163\207}{subsection.12.7}% 144
\BOOKMARK [3][-]{subsubsection.12.7.5}{\376\377\121\111\123\026\133\146\123\315\136\224\122\250\122\233\133\146}{subsection.12.7}% 145
\BOOKMARK [3][-]{subsubsection.12.7.6}{\376\377\121\111\123\026\133\146\136\163\210\141\124\214\160\355\123\026\133\146\136\163\210\141}{subsection.12.7}% 146
\BOOKMARK [3][-]{subsubsection.12.7.7}{\376\377\141\037\121\111\123\315\136\224\060\001\123\026\133\146\123\321\121\111}{subsection.12.7}% 147
\BOOKMARK [2][-]{subsection.12.8}{\376\377\123\026\133\146\157\300\121\111\173\200\116\313}{section.12}% 148
\BOOKMARK [2][-]{subsection.12.9}{\376\377\120\254\123\026\123\315\136\224\122\250\122\233\133\146\000\040\0002\0000\0002\0006\0000\0005\0002\0007}{section.12}% 149
\BOOKMARK [3][-]{subsubsection.12.9.1}{\376\377\120\254\123\026\122\102\116\016\120\254\123\026\117\134\165\050}{subsection.12.9}% 150
\BOOKMARK [3][-]{subsubsection.12.9.2}{\376\377\127\107\166\370\221\170\170\261\120\254\123\026}{subsection.12.9}% 151
\BOOKMARK [3][-]{subsubsection.12.9.3}{\376\377\176\334\124\010\120\254\123\026}{subsection.12.9}% 152
\BOOKMARK [3][-]{subsubsection.12.9.4}{\376\377\221\166\120\254\123\026\123\315\136\224}{subsection.12.9}% 153
\BOOKMARK [1][-]{section.13}{\376\377\210\150\227\142\162\151\164\006\123\026\133\146}{}% 154
\BOOKMARK [2][-]{subsection.13.1}{\376\377\210\150\227\142\137\040\122\233\123\312\210\150\227\142\000\040\000G\000i\000b\000b\000s\000\040\201\352\165\061\200\375\000\040\0002\0000\0002\0006\0000\0004\0000\0008\000\040\0002\0000\0002\0006\0000\0004\0001\0003}{section.13}% 155
\BOOKMARK [3][-]{subsubsection.13.1.1}{\376\377\210\150\227\142\137\040\122\233}{subsection.13.1}% 156
\BOOKMARK [3][-]{subsubsection.13.1.2}{\376\377\210\150\227\142\160\355\122\233\133\146\166\204\127\372\147\054\121\154\137\017}{subsection.13.1}% 157
\BOOKMARK [2][-]{subsection.13.2}{\376\377\137\057\146\362\210\150\227\142\116\012\166\204\226\104\122\240\123\213\122\233\124\214\204\270\154\024\123\213\000\040\0002\0000\0002\0006\0000\0004\0001\0003}{section.13}% 158
\BOOKMARK [3][-]{subsubsection.13.2.1}{\376\377\137\057\146\362\210\150\227\142\116\012\166\204\226\104\122\240\123\213\122\233}{subsection.13.2}% 159
\BOOKMARK [3][-]{subsubsection.13.2.2}{\376\377\137\057\146\362\210\150\227\142\116\012\166\204\204\270\154\024\123\213}{subsection.13.2}% 160
\BOOKMARK [2][-]{subsection.13.3}{\376\377\156\266\155\262\166\204\210\150\227\142\124\070\226\104\000\040\0002\0000\0002\0006\0000\0004\0001\0005}{section.13}% 161
\BOOKMARK [3][-]{subsubsection.13.3.1}{\376\377\156\266\155\262\166\204\210\150\227\142\124\070\226\104\040\024\040\024\000\040\000G\000i\000b\000b\000s\000\040\124\070\226\104\121\154\137\017}{subsection.13.3}% 162
\BOOKMARK [2][-]{subsection.13.4}{\376\377\210\150\227\142\155\073\140\047\122\102\123\312\121\166\117\134\165\050\000\040\0002\0000\0002\0006\0000\0004\0001\0005}{section.13}% 163
\BOOKMARK [2][-]{subsection.13.5}{\376\377\126\372\117\123\210\150\227\142\166\204\124\070\226\104\000\040\0002\0000\0002\0006\0000\0004\0002\0000}{section.13}% 164
\BOOKMARK [3][-]{subsubsection.13.5.1}{\376\377\126\372\117\123\210\150\227\142\162\171\160\271}{subsection.13.5}% 165
\BOOKMARK [3][-]{subsubsection.13.5.2}{\376\377\124\070\226\104\173\111\156\051\176\277}{subsection.13.5}% 166
\BOOKMARK [3][-]{subsubsection.13.5.3}{\376\377\000L\000a\000n\000g\000m\000u\000i\000r\000\040\124\070\226\104\173\111\156\051\137\017}{subsection.13.5}% 167
\BOOKMARK [3][-]{subsubsection.13.5.4}{\376\377\000F\000r\000e\000u\000n\000d\000l\000i\000c\000h\000\040\124\070\226\104\173\111\156\051\137\017}{subsection.13.5}% 168
\BOOKMARK [3][-]{subsubsection.13.5.5}{\376\377\000B\000E\000T\000\040\131\032\134\102\124\070\226\104\121\154\137\017}{subsection.13.5}% 169
\BOOKMARK [3][-]{subsubsection.13.5.6}{\376\377\124\070\226\104\163\260\214\141\166\204\147\054\215\050\040\024\040\024\123\026\133\146\124\070\226\104\124\214\162\151\164\006\124\070\226\104}{subsection.13.5}% 170
\BOOKMARK [1][-]{section.14}{\376\377\200\366\117\123\122\006\145\143\174\373\176\337\124\214\131\047\122\006\133\120\156\266\155\262}{}% 171
\BOOKMARK [2][-]{subsection.14.1}{\376\377\200\366\117\123\124\214\200\366\117\123\166\204\127\372\147\054\162\171\140\047\000\040\0002\0000\0002\0006\0000\0005\0002\0007\000\040\0002\0000\0002\0006\0000\0006\0000\0001}{section.14}% 172
\BOOKMARK [3][-]{subsubsection.14.1.1}{\376\377\122\006\145\143\174\373\176\337\166\204\122\006\174\173}{subsection.14.1}% 173
\BOOKMARK [3][-]{subsubsection.14.1.2}{\376\377\200\366\126\342\166\204\176\323\147\204}{subsection.14.1}% 174
\BOOKMARK [2][-]{subsection.14.2}{\376\377\156\266\200\366\166\204\122\066\131\007\116\016\121\300\123\026\000\040\0002\0000\0002\0006\0000\0006\0000\0001}{section.14}% 175
\BOOKMARK [3][-]{subsubsection.14.2.1}{\376\377\156\266\200\366\166\204\122\066\131\007}{subsection.14.2}% 176
\BOOKMARK [3][-]{subsubsection.14.2.2}{\376\377\156\266\200\366\166\204\121\300\123\026}{subsection.14.2}% 177
\BOOKMARK [3][-]{subsubsection.14.2.3}{\376\377\156\266\200\366\166\204\137\142\142\020\147\141\116\366\124\214\200\001\123\026\147\072\164\006}{subsection.14.2}% 178
\BOOKMARK [3][-]{subsubsection.14.2.4}{\376\377\127\107\122\006\145\143\200\366\117\123\166\204\122\066\131\007\124\214\136\224\165\050}{subsection.14.2}% 179
\BOOKMARK [2][-]{subsection.14.3}{\376\377\156\266\200\366\166\204\122\250\122\233\140\047\215\050\000\040\0002\0000\0002\0006\0000\0006\0000\0001\000\040\0002\0000\0002\0006\0000\0006\0000\0003}{section.14}% 180
\BOOKMARK [3][-]{subsubsection.14.3.1}{\376\377\000B\000r\000o\000w\000n\000\040\217\320\122\250}{subsection.14.3}% 181
\BOOKMARK [3][-]{subsubsection.14.3.2}{\376\377\142\151\145\143\124\214\156\027\220\017\123\213}{subsection.14.3}% 182
\BOOKMARK [3][-]{subsubsection.14.3.3}{\376\377\154\211\226\115\124\214\154\211\226\115\136\163\210\141}{subsection.14.3}% 183
\BOOKMARK [2][-]{subsection.14.4}{\376\377\156\266\200\366\166\204\121\111\133\146\140\047\215\050\000\040\0002\0000\0002\0006\0000\0006\0000\0003}{section.14}% 184
\BOOKMARK [3][-]{subsubsection.14.4.1}{\376\377\000T\000y\000n\000d\000a\000l\000l\000\040\145\110\136\224\131\175\000\040\000R\000a\000y\000l\000e\000i\000g\000h\000\040\121\154\137\017}{subsection.14.4}% 185
\BOOKMARK [3][-]{subsubsection.14.4.2}{\376\377\215\205\146\076\137\256\225\134\166\204\127\372\147\054\123\237\164\006\124\214\174\222\133\120\131\047\134\017\166\204\155\113\133\232}{subsection.14.4}% 186
\BOOKMARK [2][-]{subsection.14.5}{\376\377\156\266\200\366\166\204\165\065\133\146\140\047\215\050\000\040\0002\0000\0002\0000\0006\0000\0006\0000\0003}{section.14}% 187
\BOOKMARK [3][-]{subsubsection.14.5.1}{\376\377\165\065\122\250\163\260\214\141}{subsection.14.5}% 188
\BOOKMARK [3][-]{subsubsection.14.5.2}{\376\377\165\065\154\363}{subsection.14.5}% 189
\BOOKMARK [3][-]{subsubsection.14.5.3}{\376\377\165\065\156\027}{subsection.14.5}% 190
\BOOKMARK [3][-]{subsubsection.14.5.4}{\376\377\154\211\226\115\165\065\122\277\124\214\155\101\122\250\165\065\122\277}{subsection.14.5}% 191
\BOOKMARK [2][-]{subsection.14.6}{\376\377\123\314\165\065\134\102\164\006\213\272\124\214\000\040\000z\000e\000t\000a\000\040\165\065\122\277\000\040\0002\0000\0002\0006\0000\0006\0000\0003}{section.14}% 192
\BOOKMARK [2][-]{subsection.14.7}{\376\377\156\266\200\366\166\204\172\063\133\232\140\047\124\214\200\132\154\211\117\134\165\050\000\040\0002\0000\0002\0000\0006\0000\0006\0008}{section.14}% 193
\BOOKMARK [3][-]{subsubsection.14.7.1}{\376\377\156\266\200\366\166\204\172\063\133\232\140\047}{subsection.14.7}% 194
\BOOKMARK [3][-]{subsubsection.14.7.2}{\376\377\137\161\124\315\200\132\154\211\117\134\165\050\166\204\116\000\116\233\126\340\175\040}{subsection.14.7}% 195
\BOOKMARK [3][-]{subsubsection.14.7.3}{\376\377\200\366\117\123\172\063\133\232\140\047\166\204\000\040\000D\000L\000V\000O\000\040\164\006\213\272\131\047\141\017}{subsection.14.7}% 196
\BOOKMARK [3][-]{subsubsection.14.7.4}{\376\377\131\047\122\006\133\120\123\026\124\010\162\151\133\371\156\266\200\366\166\204\175\156\121\335\124\214\172\063\133\232\117\134\165\050}{subsection.14.7}% 197
\BOOKMARK [2][-]{subsection.14.8}{\376\377\116\163\162\266\155\262\000\040\0002\0000\0002\0000\0006\0000\0006\0000\0008}{section.14}% 198
\BOOKMARK [3][-]{subsubsection.14.8.1}{\376\377\116\044\171\315\116\163\162\266\155\262\040\024\040\024\000O\000/\000W\000\040\127\213\124\214\000\040\000W\000/\000O\000\040\127\213\116\163\162\266\155\262}{subsection.14.8}% 199
\BOOKMARK [3][-]{subsubsection.14.8.2}{\376\377\116\163\123\026\122\102\166\204\117\134\165\050}{subsection.14.8}% 200
\BOOKMARK [3][-]{subsubsection.14.8.3}{\376\377\116\163\162\266\155\262\166\204\116\015\172\063\133\232\140\047\040\024\040\024\122\006\134\102\060\001\123\330\127\213\124\214\170\064\116\163}{subsection.14.8}% 201
\BOOKMARK [2][-]{subsection.14.9}{\376\377\121\335\200\366\000\040\0002\0000\0002\0000\0006\0000\0006\0000\0008}{section.14}% 202
\BOOKMARK [3][-]{subsubsection.14.9.1}{\376\377\121\335\200\366\166\204\122\006\174\173}{subsection.14.9}% 203
\BOOKMARK [3][-]{subsubsection.14.9.2}{\376\377\121\335\200\366\166\204\137\142\142\020}{subsection.14.9}% 204
\BOOKMARK [3][-]{subsubsection.14.9.3}{\376\377\121\335\200\366\166\204\140\047\215\050}{subsection.14.9}% 205
\BOOKMARK [2][-]{subsection.14.10}{\376\377\131\047\122\006\133\120\156\266\155\262\000\040\0002\0000\0002\0006\0000\0006\0000\0008}{section.14}% 206
\BOOKMARK [3][-]{subsubsection.14.10.1}{\376\377\131\047\122\006\133\120\156\266\155\262\166\204\165\114\133\232}{subsection.14.10}% 207
